// Jest Snapshot v1, https://goo.gl/fbAQLP

exports[`<GifGrid /> Should render properly with Loading... 1`] = `
<Fragment>
  <h3>
    Test
  </h3>
  <p
    className="animate__animated animate__flash"
  >
    Loading...
  </p>
  <div
    className="card-grid"
  />
</Fragment>
`;
